stm32f1xx_hal_dac.c:298:19:HAL_DAC_Init	16	static
stm32f1xx_hal_dac.c:359:19:HAL_DAC_DeInit	16	static
stm32f1xx_hal_dac.c:404:13:HAL_DAC_MspInit	16	static
stm32f1xx_hal_dac.c:420:13:HAL_DAC_MspDeInit	16	static
stm32f1xx_hal_dac.c:462:19:HAL_DAC_Start	16	static
stm32f1xx_hal_dac.c:515:19:HAL_DAC_Stop	16	static
stm32f1xx_hal_dac.c:547:19:HAL_DAC_Start_DMA	32	static
stm32f1xx_hal_dac.c:677:19:HAL_DAC_Stop_DMA	24	static
stm32f1xx_hal_dac.c:736:6:HAL_DAC_IRQHandler	16	static
stm32f1xx_hal_dac.c:811:19:HAL_DAC_SetValue	32	static
stm32f1xx_hal_dac.c:843:13:HAL_DAC_ConvCpltCallbackCh1	16	static
stm32f1xx_hal_dac.c:859:13:HAL_DAC_ConvHalfCpltCallbackCh1	16	static
stm32f1xx_hal_dac.c:875:13:HAL_DAC_ErrorCallbackCh1	16	static
stm32f1xx_hal_dac.c:891:13:HAL_DAC_DMAUnderrunCallbackCh1	16	static
stm32f1xx_hal_dac.c:930:10:HAL_DAC_GetValue	16	static
stm32f1xx_hal_dac.c:957:19:HAL_DAC_ConfigChannel	32	static
stm32f1xx_hal_dac.c:1026:22:HAL_DAC_GetState	16	static
stm32f1xx_hal_dac.c:1039:10:HAL_DAC_GetError	16	static
stm32f1xx_hal_dac.c:1299:6:DAC_DMAConvCpltCh1	24	static
stm32f1xx_hal_dac.c:1318:6:DAC_DMAHalfConvCpltCh1	24	static
stm32f1xx_hal_dac.c:1335:6:DAC_DMAErrorCh1	24	static
